[01/Aug/2026 12:49:36] "POST /api/auth/sign-in/ HTTP/1.1" 200 542
[01/Aug/2026 12:49:36,837] - Broken pipe from ('127.0.0.1', 49954)
[01/Aug/2026 12:50:16] "POST /api/auth/sign-in/ HTTP/1.1" 200 542
[01/Aug/2026 12:50:23,287] - Broken pipe from ('127.0.0.1', 49960)
Not Found: /
[01/Aug/2026 12:52:05] "GET / HTTP/1.1" 404 2057
Not Found: /favicon.ico
[01/Aug/2026 12:52:05] "GET /favicon.ico HTTP/1.1" 404 2108
[01/Aug/2026 12:54:59] "OPTIONS /api/auth/sign-in/ HTTP/1.1" 200 0
[01/Aug/2026 12:54:59] "POST /api/auth/sign-in/ HTTP/1.1" 200 542
[01/Aug/2026 12:54:59,467] - Broken pipe from ('127.0.0.1', 50079)
[01/Aug/2026 12:58:05] "OPTIONS /api/auth/sign-in/ HTTP/1.1" 200 0
[01/Aug/2026 12:58:06] "POST /api/auth/sign-in/ HTTP/1.1" 200 542
[01/Aug/2026 12:58:06] "OPTIONS /api/auth/me/ HTTP/1.1" 200 0
[01/Aug/2026 12:58:06] "GET /api/auth/me/ HTTP/1.1" 200 140
[01/Aug/2026 12:58:06] "OPTIONS /api/agents/ HTTP/1.1" 200 0
[01/Aug/2026 12:58:06] "OPTIONS /api/transactions/ HTTP/1.1" 200 0
[01/Aug/2026 12:58:06] "GET /api/auth/me/ HTTP/1.1" 200 140
[01/Aug/2026 12:58:06] "GET /api/agents/ HTTP/1.1" 200 45
[01/Aug/2026 12:58:06] "GET /api/transactions/ HTTP/1.1" 200 45
Unauthorized: /api/auth/sign-in/
[01/Aug/2026 12:58:15] "POST /api/auth/sign-in/ HTTP/1.1" 401 220
[01/Aug/2026 12:58:24] "POST /api/auth/sign-in/ HTTP/1.1" 200 542
[01/Aug/2026 12:58:24] "GET /api/auth/me/ HTTP/1.1" 200 140
[01/Aug/2026 12:58:24] "GET /api/auth/me/ HTTP/1.1" 200 140
[01/Aug/2026 12:58:24] "GET /api/transactions/ HTTP/1.1" 200 45
[01/Aug/2026 12:58:24] "GET /api/agents/ HTTP/1.1" 200 45
